Cells
Arrows or click move selection, Enter edits, double-click edits, hover highlights
Focus A0  Hover none Ready
Formula  A0 : 5                                                                           
|    |[A   ]|B   ||C   ||D   ||E   ||F   ||G   ||H   ||I   ||J   ||K   ||L   |
[ 0  ][5   ]| 15 || 30 || 3  ||note||    ||    ||    ||    ||    ||    ||    |
| 1  ||10  || 10 || 6  || 70 || 2  ||    ||    ||    ||    ||    ||    ||    |
| 2  ||15  || 15 || 3  || 70 ||    ||    ||    ||    ||    ||    ||    ||    |
| 3  ||    ||    ||    ||    ||    ||    ||    ||    ||    ||    ||    ||    |
| 4  ||    ||    ||    ||    ||    ||    ||    ||    ||    ||    ||    ||    |
| 5  ||    ||    ||    ||    ||    ||    ||    ||    ||    ||    ||    ||    |
| 6  ||    ||    ||    ||    ||    ||    ||    ||    ||    ||    ||    ||    |
| 7  ||    ||    ||    ||    ||    ||    ||    ||    ||    ||    ||    ||    |
| 8  ||    ||    ||    ||    ||    ||    ||    ||    ||    ||    ||    ||    |
| 9  ||    ||    ||    ||    ||    ||    ||    ||    ||    ||    ||    ||    |
| 10 ||    ||    ||    ||    ||    ||    ||    ||    ||    ||    ||    ||    |
| 11 ||    ||    ||    ||    ||    ||    ||    ||    ||    ||    ||    ||    |
| 12 ||    ||    ||    ||    ||    ||    ||    ||    ||    ||    ||    ||    |
| 13 ||    ||    ||    ||    ||    ||    ||    ||    ||    ||    ||    ||    |
| 14 ||    ||    ||    ||    ||    ||    ||    ||    ||    ||    ||    ||    |
| 15 ||    ||    ||    ||    ||    ||    ||    ||    ||    ||    ||    ||    |
