Cells
Arrows or click move selection, Enter edits, double-click edits, hover highlights
|    |[A   ]|B   ||C   ||D   ||E   |
[ 1  ][ 5  ]| 15 || 30 ||    ||    |
| 2  || 10 ||    ||    ||    ||    |
| 3  || 15 ||    ||    ||    ||    |
| 4  ||    ||    ||    ||    ||    |
| 5  ||    ||    ||    ||    ||    |
| 6  ||    ||    ||    ||    ||    |
| 7  ||    ||    ||    ||    ||    |
