Cells Dynamic
Arrows move selection, Enter edits, double-click edits
Formula A1 :5                                                                             
     A         B         C         D         E         F         G         H         
 1   [ 5 ]      15        30                                                         
 2    10                                                                             
 3    15                                                                             
 4                                                                                   
 5                                                                                   
 6                                                                                   
 7                                                                                   
 8                                                                                   
 9                                                                                   
 10                                                                                  
 11                                                                                  
 12                                                                                  
 13                                                                                  
 14                                                                                  
 15                                                                                  
 16                                                                                  
 17                                                                                  
 18                                                                                  
